2026-09-04T03:20:09Z INF Thank you for trying Cloudflare Tunnel. Doing so, without a Cloudflare account, is a quick way to experiment and try it out. However, be aware that these account-less Tunnels have no uptime guarantee, are subject to the Cloudflare Online Services Terms of Use (https://www.cloudflare.com/website-terms/), and Cloudflare reserves the right to investigate your use of Tunnels for violations of such terms. If you intend to use Tunnels in production you should use a pre-created named tunnel by following: https://developers.cloudflare.com/cloudflare-one/connections/connect-apps
2026-09-04T03:20:09Z INF Requesting new quick Tunnel on trycloudflare.com...
2026-09-04T03:20:14Z INF +--------------------------------------------------------------------------------------------+
2026-09-04T03:20:14Z INF |  Your quick Tunnel has been created! Visit it at (it may take some time to be reachable):  |
2026-09-04T03:20:14Z INF |  https://productive-recommended-incidence-mixing.trycloudflare.com                         |
2026-09-04T03:20:14Z INF +--------------------------------------------------------------------------------------------+
2026-09-04T03:20:14Z INF Cannot determine default configuration path. No file [config.yml config.yaml] in [~/.cloudflared ~/.cloudflare-warp ~/cloudflare-warp /etc/cloudflared /usr/local/etc/cloudflared]
2026-09-04T03:20:14Z INF Version 2026.8.1 (Checksum 98d8eadbfdf8c7ec994e08260599c9be991e7833c746f98692b18bdf71c9b9dc)
2026-09-04T03:20:14Z INF GOOS: linux, GOVersion: go1.26.4, GoArch: amd64
2026-09-04T03:20:14Z INF Settings: map[ha-connections:1 no-autoupdate:true protocol:quic url:http://127.0.0.1:40000]
2026-09-04T03:20:14Z INF Generated Connector ID: bff06bff-ea8d-4a34-ab6f-a5aec23b4855
2026-09-04T03:20:14Z INF Initial protocol quic
2026-09-04T03:20:15Z INF ICMP proxy will use 192.168.0.10 as source for IPv4
2026-09-04T03:20:15Z INF ICMP proxy will use 2804:14d:2485:8792::132c in zone wlp1s0 as source for IPv6
2026-09-04T03:20:15Z INF ICMP proxy will use 192.168.0.10 as source for IPv4
2026-09-04T03:20:15Z INF ICMP proxy will use 2804:14d:2485:8792::132c in zone wlp1s0 as source for IPv6
2026-09-04T03:20:15Z INF Starting metrics server on 127.0.0.1:20243/metrics
2026-09-04T03:20:15Z INF Tunnel connection curve preferences: [X25519MLKEM768 CurveID(65074) CurveP256] connIndex=0 event=0 ip=2606:4700:a8::1
2026-09-04T03:20:15Z INF +-------------------------------------------------------------------------------------+
2026-09-04T03:20:15Z INF |                               CONNECTIVITY PRE-CHECKS                               |
2026-09-04T03:20:15Z INF +-------------------------------------------------------------------------------------+
2026-09-04T03:20:15Z INF |  COMPONENT         TARGET                     STATUS  DETAILS                       |
2026-09-04T03:20:15Z INF |  DNS Resolution    region1.v2.argotunnel.com  PASS    DNS Resolved successfully     |
2026-09-04T03:20:15Z INF |  DNS Resolution    region2.v2.argotunnel.com  PASS    DNS Resolved successfully     |
2026-09-04T03:20:15Z INF |  UDP Connectivity  region1.v2.argotunnel.com  PASS    QUIC connection successful    |
2026-09-04T03:20:15Z INF |  UDP Connectivity  region2.v2.argotunnel.com  PASS    QUIC connection successful    |
2026-09-04T03:20:15Z INF |  TCP Connectivity  region1.v2.argotunnel.com  PASS    HTTP/2 connection successful  |
2026-09-04T03:20:15Z INF |  TCP Connectivity  region2.v2.argotunnel.com  PASS    HTTP/2 connection successful  |
2026-09-04T03:20:15Z INF |  Cloudflare API    api.cloudflare.com:443     PASS    API is reachable              |
2026-09-04T03:20:15Z INF |                                                                                     |
2026-09-04T03:20:15Z INF |  SUMMARY: Environment is healthy. cloudflared will use 'quic' as primary protocol.  |
2026-09-04T03:20:15Z INF +-------------------------------------------------------------------------------------+
2026-09-04T03:20:15Z INF precheck component="DNS Resolution" details="DNS Resolved successfully" run_id=4ecf23d7-d083-4c74-9c75-8f4da2175899 status=pass target=region1.v2.argotunnel.com
2026-09-04T03:20:15Z INF precheck component="DNS Resolution" details="DNS Resolved successfully" run_id=4ecf23d7-d083-4c74-9c75-8f4da2175899 status=pass target=region2.v2.argotunnel.com
2026-09-04T03:20:15Z INF precheck component="UDP Connectivity" details="QUIC connection successful" run_id=4ecf23d7-d083-4c74-9c75-8f4da2175899 status=pass target=region1.v2.argotunnel.com
2026-09-04T03:20:15Z INF precheck component="UDP Connectivity" details="QUIC connection successful" run_id=4ecf23d7-d083-4c74-9c75-8f4da2175899 status=pass target=region2.v2.argotunnel.com
2026-09-04T03:20:15Z INF precheck component="TCP Connectivity" details="HTTP/2 connection successful" run_id=4ecf23d7-d083-4c74-9c75-8f4da2175899 status=pass target=region1.v2.argotunnel.com
2026-09-04T03:20:15Z INF precheck component="TCP Connectivity" details="HTTP/2 connection successful" run_id=4ecf23d7-d083-4c74-9c75-8f4da2175899 status=pass target=region2.v2.argotunnel.com
2026-09-04T03:20:15Z INF precheck component="Cloudflare API" details="API is reachable" run_id=4ecf23d7-d083-4c74-9c75-8f4da2175899 status=pass target=api.cloudflare.com:443
2026-09-04T03:20:15Z INF precheck complete hard_fail=false run_id=4ecf23d7-d083-4c74-9c75-8f4da2175899 suggested_protocol=quic
2026-09-04T03:20:15Z INF Registered tunnel connection connIndex=0 connection=f123adee-3efa-4a27-a161-1b0980fcf887 event=0 ip=2606:4700:a8::1 location=gig09 protocol=quic
