2026-08-16T22:12:27Z INF Thank you for trying Cloudflare Tunnel. Doing so, without a Cloudflare account, is a quick way to experiment and try it out. However, be aware that these account-less Tunnels have no uptime guarantee, are subject to the Cloudflare Online Services Terms of Use (https://www.cloudflare.com/website-terms/), and Cloudflare reserves the right to investigate your use of Tunnels for violations of such terms. If you intend to use Tunnels in production you should use a pre-created named tunnel by following: https://developers.cloudflare.com/cloudflare-one/connections/connect-apps
2026-08-16T22:12:27Z INF Requesting new quick Tunnel on trycloudflare.com...
2026-08-16T22:12:34Z INF +--------------------------------------------------------------------------------------------+
2026-08-16T22:12:34Z INF |  Your quick Tunnel has been created! Visit it at (it may take some time to be reachable):  |
2026-08-16T22:12:34Z INF |  https://freight-marine-min-actions.trycloudflare.com                                      |
2026-08-16T22:12:34Z INF +--------------------------------------------------------------------------------------------+
2026-08-16T22:12:34Z INF Cannot determine default configuration path. No file [config.yml config.yaml] in [~/.cloudflared ~/.cloudflare-warp ~/cloudflare-warp /etc/cloudflared /usr/local/etc/cloudflared]
2026-08-16T22:12:34Z INF Version 2026.8.1 (Checksum 98d8eadbfdf8c7ec994e08260599c9be991e7833c746f98692b18bdf71c9b9dc)
2026-08-16T22:12:34Z INF GOOS: linux, GOVersion: go1.26.4, GoArch: amd64
2026-08-16T22:12:34Z INF Settings: map[ha-connections:1 no-autoupdate:true protocol:quic url:http://127.0.0.1:4173]
2026-08-16T22:12:34Z INF Generated Connector ID: 7a0b5fbd-a15e-45d6-b167-b52efaa54a73
2026-08-16T22:12:34Z INF Initial protocol quic
2026-08-16T22:12:34Z INF ICMP proxy will use 192.168.0.10 as source for IPv4
2026-08-16T22:12:34Z INF ICMP proxy will use 2804:14d:2485:8792::132c in zone wlp1s0 as source for IPv6
2026-08-16T22:12:34Z INF ICMP proxy will use 192.168.0.10 as source for IPv4
2026-08-16T22:12:34Z INF ICMP proxy will use 2804:14d:2485:8792::132c in zone wlp1s0 as source for IPv6
2026-08-16T22:12:34Z INF Starting metrics server on 127.0.0.1:20243/metrics
2026-08-16T22:12:34Z INF Tunnel connection curve preferences: [X25519MLKEM768 CurveID(65074) CurveP256] connIndex=0 event=0 ip=2606:4700:a8::4
2026-08-16T22:12:35Z INF +-------------------------------------------------------------------------------------+
2026-08-16T22:12:35Z INF |                               CONNECTIVITY PRE-CHECKS                               |
2026-08-16T22:12:35Z INF +-------------------------------------------------------------------------------------+
2026-08-16T22:12:35Z INF |  COMPONENT         TARGET                     STATUS  DETAILS                       |
2026-08-16T22:12:35Z INF |  DNS Resolution    region1.v2.argotunnel.com  PASS    DNS Resolved successfully     |
2026-08-16T22:12:35Z INF |  DNS Resolution    region2.v2.argotunnel.com  PASS    DNS Resolved successfully     |
2026-08-16T22:12:35Z INF |  UDP Connectivity  region1.v2.argotunnel.com  PASS    QUIC connection successful    |
2026-08-16T22:12:35Z INF |  UDP Connectivity  region2.v2.argotunnel.com  PASS    QUIC connection successful    |
2026-08-16T22:12:35Z INF |  TCP Connectivity  region1.v2.argotunnel.com  PASS    HTTP/2 connection successful  |
2026-08-16T22:12:35Z INF |  TCP Connectivity  region2.v2.argotunnel.com  PASS    HTTP/2 connection successful  |
2026-08-16T22:12:35Z INF |  Cloudflare API    api.cloudflare.com:443     PASS    API is reachable              |
2026-08-16T22:12:35Z INF |                                                                                     |
2026-08-16T22:12:35Z INF |  SUMMARY: Environment is healthy. cloudflared will use 'quic' as primary protocol.  |
2026-08-16T22:12:35Z INF +-------------------------------------------------------------------------------------+
2026-08-16T22:12:35Z INF precheck component="DNS Resolution" details="DNS Resolved successfully" run_id=29798d4c-ca27-4501-9ae3-ff8421480536 status=pass target=region1.v2.argotunnel.com
2026-08-16T22:12:35Z INF precheck component="DNS Resolution" details="DNS Resolved successfully" run_id=29798d4c-ca27-4501-9ae3-ff8421480536 status=pass target=region2.v2.argotunnel.com
2026-08-16T22:12:35Z INF precheck component="UDP Connectivity" details="QUIC connection successful" run_id=29798d4c-ca27-4501-9ae3-ff8421480536 status=pass target=region1.v2.argotunnel.com
2026-08-16T22:12:35Z INF precheck component="UDP Connectivity" details="QUIC connection successful" run_id=29798d4c-ca27-4501-9ae3-ff8421480536 status=pass target=region2.v2.argotunnel.com
2026-08-16T22:12:35Z INF precheck component="TCP Connectivity" details="HTTP/2 connection successful" run_id=29798d4c-ca27-4501-9ae3-ff8421480536 status=pass target=region1.v2.argotunnel.com
2026-08-16T22:12:35Z INF precheck component="TCP Connectivity" details="HTTP/2 connection successful" run_id=29798d4c-ca27-4501-9ae3-ff8421480536 status=pass target=region2.v2.argotunnel.com
2026-08-16T22:12:35Z INF precheck component="Cloudflare API" details="API is reachable" run_id=29798d4c-ca27-4501-9ae3-ff8421480536 status=pass target=api.cloudflare.com:443
2026-08-16T22:12:35Z INF precheck complete hard_fail=false run_id=29798d4c-ca27-4501-9ae3-ff8421480536 suggested_protocol=quic
2026-08-16T22:12:35Z INF Registered tunnel connection connIndex=0 connection=c90f7bab-d9f8-4fb3-a9c6-acf9a61669e5 event=0 ip=2606:4700:a8::4 location=gig09 protocol=quic
